// Jest Snapshot v1, https://goo.gl/fbAQLP

exports[`<Backdrop /> show backdrop if prop.show present 1`] = `ShallowWrapper {}`;
